// Jest Snapshot v1, https://goo.gl/fbAQLP

exports[`Link renders correctly 1`] = `
<a
  className="link"
  href="https://www.bbc.co.uk"
>
  BBC
</a>
`;
